Read 178691 words.
Tiles: [bigger]
Solution: 1 [bigger] Score [10]
Tiles: [zadbde]
Solution: 1 [adzed] Score [16]
Solution: 2 [dazed] Score [16]
Tiles: [tomtom]
Solution: 1 [motmot] Score [10]
Tiles: [outofh]
Solution: 1 [hoof] Score [10]
